---
version: 1
interactions:
- request:
    body: |
      {"TableName":"table44storageentitysuitetestins"}
    form: {}
    headers:
      Accept:
      - application/json;odata=nometadata
      Accept-Charset:
      - UTF-8
      Authorization:
      - SharedKey golangrocksonazure:EvhERFOGEgsxkYICess5C0tEAQacHWsQc6zVckwUNpc=
      Content-Length:
      - "49"
      Content-Type:
      - application/json
      Prefer:
      - return-no-content
      User-Agent:
      - Go/go1.12.4 (amd64-darwin) azure-storage-go/latest api-version/2016-05-31
        table
      x-ms-date:
      - Thu, 02 May 2019 17:47:58 GMT
      x-ms-version:
      - "2016-05-31"
    url: https://golangrocksonazure.table.core.windows.net/Tables?timeout=30
    method: POST
  response:
    body: ""
    headers:
      Cache-Control:
      - no-cache
      Content-Length:
      - "0"
      Dataserviceid:
      - https://golangrocksonazure.table.core.windows.net/Tables('table44storageentitysuitetestins')
      Date:
      - Thu, 02 May 2019 17:48:00 GMT
      Location:
      - https://golangrocksonazure.table.core.windows.net/Tables('table44storageentitysuitetestins')
      Preference-Applied:
      - return-no-content
      Server:
      - Windows-Azure-Table/1.0 Microsoft-HTTPAPI/2.0
      X-Content-Type-Options:
      - nosniff
      X-Ms-Request-Id:
      - 6d47b0b1-a002-00b6-400f-018a7b000000
      X-Ms-Version:
      - "2016-05-31"
    status: 204 No Content
    code: 204
    duration: ""
- request:
    body: '{"FamilyName":"Skywalker","HasCoolWeapon":true,"Name":"Luke","PartitionKey":"mypartitionkey","RowKey":"100"}'
    form: {}
    headers:
      Accept:
      - application/json;odata=nometadata
      Accept-Charset:
      - UTF-8
      Authorization:
      - SharedKey golangrocksonazure:a9SU3XOBN15xH5f4gq4sX5SojS8iRHsLWuAM5Ib+9t8=
      Content-Length:
      - "108"
      Content-Type:
      - application/json
      Prefer:
      - return-no-content
      User-Agent:
      - Go/go1.12.4 (amd64-darwin) azure-storage-go/latest api-version/2016-05-31
        table
      x-ms-date:
      - Thu, 02 May 2019 17:47:58 GMT
      x-ms-version:
      - "2016-05-31"
    url: https://golangrocksonazure.table.core.windows.net/table44storageentitysuitetestins
    method: POST
  response:
    body: ""
    headers:
      Cache-Control:
      - no-cache
      Content-Length:
      - "0"
      Dataserviceid:
      - https://golangrocksonazure.table.core.windows.net/table44storageentitysuitetestins(PartitionKey='mypartitionkey',RowKey='100')
      Date:
      - Thu, 02 May 2019 17:48:00 GMT
      Etag:
      - W/"datetime'2019-05-02T17%3A48%3A00.5271735Z'"
      Location:
      - https://golangrocksonazure.table.core.windows.net/table44storageentitysuitetestins(PartitionKey='mypartitionkey',RowKey='100')
      Preference-Applied:
      - return-no-content
      Server:
      - Windows-Azure-Table/1.0 Microsoft-HTTPAPI/2.0
      X-Content-Type-Options:
      - nosniff
      X-Ms-Request-Id:
      - 6d47b0b7-a002-00b6-430f-018a7b000000
      X-Ms-Version:
      - "2016-05-31"
    status: 204 No Content
    code: 204
    duration: ""
- request:
    body: '{"FamilyName":"Skywalker","HasCoolWeapon":true,"Name":"Luke","PartitionKey":"mypartitionkey","RowKey":"200"}'
    form: {}
    headers:
      Accept:
      - application/json;odata=fullmetadata
      Accept-Charset:
      - UTF-8
      Authorization:
      - SharedKey golangrocksonazure:i+nyrCnTHMb1p1WsgsvESCILrEf9IuP5tA0mrnqKC40=
      Content-Length:
      - "108"
      Content-Type:
      - application/json
      Prefer:
      - return-content
      User-Agent:
      - Go/go1.12.4 (amd64-darwin) azure-storage-go/latest api-version/2016-05-31
        table
      x-ms-date:
      - Thu, 02 May 2019 17:47:59 GMT
      x-ms-version:
      - "2016-05-31"
    url: https://golangrocksonazure.table.core.windows.net/table44storageentitysuitetestins
    method: POST
  response:
    body: '{"odata.metadata":"https://golangrocksonazure.table.core.windows.net/$metadata#table44storageentitysuitetestins/@Element","odata.type":"golangrocksonazure.table44storageentitysuitetestins","odata.id":"https://golangrocksonazure.table.core.windows.net/table44storageentitysuitetestins(PartitionKey=''mypartitionkey'',RowKey=''200'')","odata.etag":"W/\"datetime''2019-05-02T17%3A48%3A00.5551933Z''\"","odata.editLink":"table44storageentitysuitetestins(PartitionKey=''mypartitionkey'',RowKey=''200'')","PartitionKey":"mypartitionkey","RowKey":"200","Timestamp@odata.type":"Edm.DateTime","Timestamp":"2019-05-02T17:48:00.5551933Z","FamilyName":"Skywalker","HasCoolWeapon":true,"Name":"Luke"}'
    headers:
      Cache-Control:
      - no-cache
      Content-Type:
      - application/json;odata=fullmetadata;streaming=true;charset=utf-8
      Date:
      - Thu, 02 May 2019 17:48:00 GMT
      Etag:
      - W/"datetime'2019-05-02T17%3A48%3A00.5551933Z'"
      Location:
      - https://golangrocksonazure.table.core.windows.net/table44storageentitysuitetestins(PartitionKey='mypartitionkey',RowKey='200')
      Preference-Applied:
      - return-content
      Server:
      - Windows-Azure-Table/1.0 Microsoft-HTTPAPI/2.0
      X-Content-Type-Options:
      - nosniff
      X-Ms-Request-Id:
      - 6d47b0b8-a002-00b6-440f-018a7b000000
      X-Ms-Version:
      - "2016-05-31"
    status: 201 Created
    code: 201
    duration: ""
- request:
    body: ""
    form: {}
    headers:
      Accept:
      - application/json;odata=fullmetadata
      Authorization:
      - SharedKey golangrocksonazure:N/VD04LfiTQkxr7kkrrh6kVB2RYfQsx3k4G/Cq/nno8=
      User-Agent:
      - Go/go1.12.4 (amd64-darwin) azure-storage-go/latest api-version/2016-05-31
        table
      x-ms-date:
      - Thu, 02 May 2019 17:47:59 GMT
      x-ms-version:
      - "2016-05-31"
    url: https://golangrocksonazure.table.core.windows.net/table44storageentitysuitetestins?timeout=30
    method: GET
  response:
    body: '{"odata.metadata":"https://golangrocksonazure.table.core.windows.net/$metadata#table44storageentitysuitetestins","value":[{"odata.type":"golangrocksonazure.table44storageentitysuitetestins","odata.id":"https://golangrocksonazure.table.core.windows.net/table44storageentitysuitetestins(PartitionKey=''mypartitionkey'',RowKey=''100'')","odata.etag":"W/\"datetime''2019-05-02T17%3A48%3A00.5271735Z''\"","odata.editLink":"table44storageentitysuitetestins(PartitionKey=''mypartitionkey'',RowKey=''100'')","PartitionKey":"mypartitionkey","RowKey":"100","Timestamp@odata.type":"Edm.DateTime","Timestamp":"2019-05-02T17:48:00.5271735Z","FamilyName":"Skywalker","HasCoolWeapon":true,"Name":"Luke"},{"odata.type":"golangrocksonazure.table44storageentitysuitetestins","odata.id":"https://golangrocksonazure.table.core.windows.net/table44storageentitysuitetestins(PartitionKey=''mypartitionkey'',RowKey=''200'')","odata.etag":"W/\"datetime''2019-05-02T17%3A48%3A00.5551933Z''\"","odata.editLink":"table44storageentitysuitetestins(PartitionKey=''mypartitionkey'',RowKey=''200'')","PartitionKey":"mypartitionkey","RowKey":"200","Timestamp@odata.type":"Edm.DateTime","Timestamp":"2019-05-02T17:48:00.5551933Z","FamilyName":"Skywalker","HasCoolWeapon":true,"Name":"Luke"}]}'
    headers:
      Cache-Control:
      - no-cache
      Content-Type:
      - application/json;odata=fullmetadata;streaming=true;charset=utf-8
      Date:
      - Thu, 02 May 2019 17:48:00 GMT
      Server:
      - Windows-Azure-Table/1.0 Microsoft-HTTPAPI/2.0
      X-Content-Type-Options:
      - nosniff
      X-Ms-Request-Id:
      - 6d47b0b9-a002-00b6-450f-018a7b000000
      X-Ms-Version:
      - "2016-05-31"
    status: 200 OK
    code: 200
    duration: ""
- request:
    body: ""
    form: {}
    headers:
      Accept:
      - application/json;odata=nometadata
      Authorization:
      - SharedKey golangrocksonazure:EW5mFEMlMWaTujt1I7S3dA8Kcap6Zn/mD0ife7XYT5M=
      Prefer:
      - return-no-content
      User-Agent:
      - Go/go1.12.4 (amd64-darwin) azure-storage-go/latest api-version/2016-05-31
        table
      x-ms-date:
      - Thu, 02 May 2019 17:47:59 GMT
      x-ms-version:
      - "2016-05-31"
    url: https://golangrocksonazure.table.core.windows.net/Tables%28%27table44storageentitysuitetestins%27%29?timeout=30
    method: DELETE
  response:
    body: ""
    headers:
      Cache-Control:
      - no-cache
      Content-Length:
      - "0"
      Date:
      - Thu, 02 May 2019 17:48:00 GMT
      Server:
      - Windows-Azure-Table/1.0 Microsoft-HTTPAPI/2.0
      X-Content-Type-Options:
      - nosniff
      X-Ms-Request-Id:
      - 6d47b0ba-a002-00b6-460f-018a7b000000
      X-Ms-Version:
      - "2016-05-31"
    status: 204 No Content
    code: 204
    duration: ""
