---
version: 1
interactions:
- request:
    body: |
      {"TableName":"table46storageentitysuitetestexe"}
    form: {}
    headers:
      Accept:
      - application/json;odata=nometadata
      Accept-Charset:
      - UTF-8
      Authorization:
      - SharedKey golangrocksonazure:AwadOf1V3vU8TqGmzLVn7FmDVtcVAW6Cx89WWFDS77M=
      Content-Length:
      - "49"
      Content-Type:
      - application/json
      Prefer:
      - return-no-content
      User-Agent:
      - Go/go1.12.4 (amd64-darwin) azure-storage-go/latest api-version/2016-05-31
        table
      x-ms-date:
      - Thu, 02 May 2019 17:47:57 GMT
      x-ms-version:
      - "2016-05-31"
    url: https://golangrocksonazure.table.core.windows.net/Tables?timeout=30
    method: POST
  response:
    body: ""
    headers:
      Cache-Control:
      - no-cache
      Content-Length:
      - "0"
      Dataserviceid:
      - https://golangrocksonazure.table.core.windows.net/Tables('table46storageentitysuitetestexe')
      Date:
      - Thu, 02 May 2019 17:47:58 GMT
      Location:
      - https://golangrocksonazure.table.core.windows.net/Tables('table46storageentitysuitetestexe')
      Preference-Applied:
      - return-no-content
      Server:
      - Windows-Azure-Table/1.0 Microsoft-HTTPAPI/2.0
      X-Content-Type-Options:
      - nosniff
      X-Ms-Request-Id:
      - 6d47af7e-a002-00b6-2a0f-018a7b000000
      X-Ms-Version:
      - "2016-05-31"
    status: 204 No Content
    code: 204
    duration: ""
- request:
    body: '{"PartitionKey":"pkey","RowKey":"r0"}'
    form: {}
    headers:
      Accept:
      - application/json;odata=fullmetadata
      Accept-Charset:
      - UTF-8
      Authorization:
      - SharedKey golangrocksonazure:mGp9oA977KQ/kGipjQRVufB+9Be1WoIPvcMdGCUpwzI=
      Content-Length:
      - "37"
      Content-Type:
      - application/json
      Prefer:
      - return-content
      User-Agent:
      - Go/go1.12.4 (amd64-darwin) azure-storage-go/latest api-version/2016-05-31
        table
      x-ms-date:
      - Thu, 02 May 2019 17:47:57 GMT
      x-ms-version:
      - "2016-05-31"
    url: https://golangrocksonazure.table.core.windows.net/table46storageentitysuitetestexe
    method: POST
  response:
    body: '{"odata.metadata":"https://golangrocksonazure.table.core.windows.net/$metadata#table46storageentitysuitetestexe/@Element","odata.type":"golangrocksonazure.table46storageentitysuitetestexe","odata.id":"https://golangrocksonazure.table.core.windows.net/table46storageentitysuitetestexe(PartitionKey=''pkey'',RowKey=''r0'')","odata.etag":"W/\"datetime''2019-05-02T17%3A47%3A58.9890823Z''\"","odata.editLink":"table46storageentitysuitetestexe(PartitionKey=''pkey'',RowKey=''r0'')","PartitionKey":"pkey","RowKey":"r0","Timestamp@odata.type":"Edm.DateTime","Timestamp":"2019-05-02T17:47:58.9890823Z"}'
    headers:
      Cache-Control:
      - no-cache
      Content-Type:
      - application/json;odata=fullmetadata;streaming=true;charset=utf-8
      Date:
      - Thu, 02 May 2019 17:47:58 GMT
      Etag:
      - W/"datetime'2019-05-02T17%3A47%3A58.9890823Z'"
      Location:
      - https://golangrocksonazure.table.core.windows.net/table46storageentitysuitetestexe(PartitionKey='pkey',RowKey='r0')
      Preference-Applied:
      - return-content
      Server:
      - Windows-Azure-Table/1.0 Microsoft-HTTPAPI/2.0
      X-Content-Type-Options:
      - nosniff
      X-Ms-Request-Id:
      - 6d47af89-a002-00b6-340f-018a7b000000
      X-Ms-Version:
      - "2016-05-31"
    status: 201 Created
    code: 201
    duration: ""
- request:
    body: '{"PartitionKey":"pkey","RowKey":"r1"}'
    form: {}
    headers:
      Accept:
      - application/json;odata=fullmetadata
      Accept-Charset:
      - UTF-8
      Authorization:
      - SharedKey golangrocksonazure:mGp9oA977KQ/kGipjQRVufB+9Be1WoIPvcMdGCUpwzI=
      Content-Length:
      - "37"
      Content-Type:
      - application/json
      Prefer:
      - return-content
      User-Agent:
      - Go/go1.12.4 (amd64-darwin) azure-storage-go/latest api-version/2016-05-31
        table
      x-ms-date:
      - Thu, 02 May 2019 17:47:57 GMT
      x-ms-version:
      - "2016-05-31"
    url: https://golangrocksonazure.table.core.windows.net/table46storageentitysuitetestexe
    method: POST
  response:
    body: '{"odata.metadata":"https://golangrocksonazure.table.core.windows.net/$metadata#table46storageentitysuitetestexe/@Element","odata.type":"golangrocksonazure.table46storageentitysuitetestexe","odata.id":"https://golangrocksonazure.table.core.windows.net/table46storageentitysuitetestexe(PartitionKey=''pkey'',RowKey=''r1'')","odata.etag":"W/\"datetime''2019-05-02T17%3A47%3A59.021105Z''\"","odata.editLink":"table46storageentitysuitetestexe(PartitionKey=''pkey'',RowKey=''r1'')","PartitionKey":"pkey","RowKey":"r1","Timestamp@odata.type":"Edm.DateTime","Timestamp":"2019-05-02T17:47:59.021105Z"}'
    headers:
      Cache-Control:
      - no-cache
      Content-Type:
      - application/json;odata=fullmetadata;streaming=true;charset=utf-8
      Date:
      - Thu, 02 May 2019 17:47:58 GMT
      Etag:
      - W/"datetime'2019-05-02T17%3A47%3A59.021105Z'"
      Location:
      - https://golangrocksonazure.table.core.windows.net/table46storageentitysuitetestexe(PartitionKey='pkey',RowKey='r1')
      Preference-Applied:
      - return-content
      Server:
      - Windows-Azure-Table/1.0 Microsoft-HTTPAPI/2.0
      X-Content-Type-Options:
      - nosniff
      X-Ms-Request-Id:
      - 6d47af98-a002-00b6-430f-018a7b000000
      X-Ms-Version:
      - "2016-05-31"
    status: 201 Created
    code: 201
    duration: ""
- request:
    body: '{"PartitionKey":"pkey","RowKey":"r2"}'
    form: {}
    headers:
      Accept:
      - application/json;odata=fullmetadata
      Accept-Charset:
      - UTF-8
      Authorization:
      - SharedKey golangrocksonazure:mGp9oA977KQ/kGipjQRVufB+9Be1WoIPvcMdGCUpwzI=
      Content-Length:
      - "37"
      Content-Type:
      - application/json
      Prefer:
      - return-content
      User-Agent:
      - Go/go1.12.4 (amd64-darwin) azure-storage-go/latest api-version/2016-05-31
        table
      x-ms-date:
      - Thu, 02 May 2019 17:47:57 GMT
      x-ms-version:
      - "2016-05-31"
    url: https://golangrocksonazure.table.core.windows.net/table46storageentitysuitetestexe
    method: POST
  response:
    body: '{"odata.metadata":"https://golangrocksonazure.table.core.windows.net/$metadata#table46storageentitysuitetestexe/@Element","odata.type":"golangrocksonazure.table46storageentitysuitetestexe","odata.id":"https://golangrocksonazure.table.core.windows.net/table46storageentitysuitetestexe(PartitionKey=''pkey'',RowKey=''r2'')","odata.etag":"W/\"datetime''2019-05-02T17%3A47%3A59.0501256Z''\"","odata.editLink":"table46storageentitysuitetestexe(PartitionKey=''pkey'',RowKey=''r2'')","PartitionKey":"pkey","RowKey":"r2","Timestamp@odata.type":"Edm.DateTime","Timestamp":"2019-05-02T17:47:59.0501256Z"}'
    headers:
      Cache-Control:
      - no-cache
      Content-Type:
      - application/json;odata=fullmetadata;streaming=true;charset=utf-8
      Date:
      - Thu, 02 May 2019 17:47:58 GMT
      Etag:
      - W/"datetime'2019-05-02T17%3A47%3A59.0501256Z'"
      Location:
      - https://golangrocksonazure.table.core.windows.net/table46storageentitysuitetestexe(PartitionKey='pkey',RowKey='r2')
      Preference-Applied:
      - return-content
      Server:
      - Windows-Azure-Table/1.0 Microsoft-HTTPAPI/2.0
      X-Content-Type-Options:
      - nosniff
      X-Ms-Request-Id:
      - 6d47afaa-a002-00b6-550f-018a7b000000
      X-Ms-Version:
      - "2016-05-31"
    status: 201 Created
    code: 201
    duration: ""
- request:
    body: '{"PartitionKey":"pkey","RowKey":"r3"}'
    form: {}
    headers:
      Accept:
      - application/json;odata=fullmetadata
      Accept-Charset:
      - UTF-8
      Authorization:
      - SharedKey golangrocksonazure:mGp9oA977KQ/kGipjQRVufB+9Be1WoIPvcMdGCUpwzI=
      Content-Length:
      - "37"
      Content-Type:
      - application/json
      Prefer:
      - return-content
      User-Agent:
      - Go/go1.12.4 (amd64-darwin) azure-storage-go/latest api-version/2016-05-31
        table
      x-ms-date:
      - Thu, 02 May 2019 17:47:57 GMT
      x-ms-version:
      - "2016-05-31"
    url: https://golangrocksonazure.table.core.windows.net/table46storageentitysuitetestexe
    method: POST
  response:
    body: '{"odata.metadata":"https://golangrocksonazure.table.core.windows.net/$metadata#table46storageentitysuitetestexe/@Element","odata.type":"golangrocksonazure.table46storageentitysuitetestexe","odata.id":"https://golangrocksonazure.table.core.windows.net/table46storageentitysuitetestexe(PartitionKey=''pkey'',RowKey=''r3'')","odata.etag":"W/\"datetime''2019-05-02T17%3A47%3A59.0821484Z''\"","odata.editLink":"table46storageentitysuitetestexe(PartitionKey=''pkey'',RowKey=''r3'')","PartitionKey":"pkey","RowKey":"r3","Timestamp@odata.type":"Edm.DateTime","Timestamp":"2019-05-02T17:47:59.0821484Z"}'
    headers:
      Cache-Control:
      - no-cache
      Content-Type:
      - application/json;odata=fullmetadata;streaming=true;charset=utf-8
      Date:
      - Thu, 02 May 2019 17:47:58 GMT
      Etag:
      - W/"datetime'2019-05-02T17%3A47%3A59.0821484Z'"
      Location:
      - https://golangrocksonazure.table.core.windows.net/table46storageentitysuitetestexe(PartitionKey='pkey',RowKey='r3')
      Preference-Applied:
      - return-content
      Server:
      - Windows-Azure-Table/1.0 Microsoft-HTTPAPI/2.0
      X-Content-Type-Options:
      - nosniff
      X-Ms-Request-Id:
      - 6d47afbc-a002-00b6-650f-018a7b000000
      X-Ms-Version:
      - "2016-05-31"
    status: 201 Created
    code: 201
    duration: ""
- request:
    body: '{"PartitionKey":"pkey","RowKey":"r4"}'
    form: {}
    headers:
      Accept:
      - application/json;odata=fullmetadata
      Accept-Charset:
      - UTF-8
      Authorization:
      - SharedKey golangrocksonazure:mGp9oA977KQ/kGipjQRVufB+9Be1WoIPvcMdGCUpwzI=
      Content-Length:
      - "37"
      Content-Type:
      - application/json
      Prefer:
      - return-content
      User-Agent:
      - Go/go1.12.4 (amd64-darwin) azure-storage-go/latest api-version/2016-05-31
        table
      x-ms-date:
      - Thu, 02 May 2019 17:47:57 GMT
      x-ms-version:
      - "2016-05-31"
    url: https://golangrocksonazure.table.core.windows.net/table46storageentitysuitetestexe
    method: POST
  response:
    body: '{"odata.metadata":"https://golangrocksonazure.table.core.windows.net/$metadata#table46storageentitysuitetestexe/@Element","odata.type":"golangrocksonazure.table46storageentitysuitetestexe","odata.id":"https://golangrocksonazure.table.core.windows.net/table46storageentitysuitetestexe(PartitionKey=''pkey'',RowKey=''r4'')","odata.etag":"W/\"datetime''2019-05-02T17%3A47%3A59.1121701Z''\"","odata.editLink":"table46storageentitysuitetestexe(PartitionKey=''pkey'',RowKey=''r4'')","PartitionKey":"pkey","RowKey":"r4","Timestamp@odata.type":"Edm.DateTime","Timestamp":"2019-05-02T17:47:59.1121701Z"}'
    headers:
      Cache-Control:
      - no-cache
      Content-Type:
      - application/json;odata=fullmetadata;streaming=true;charset=utf-8
      Date:
      - Thu, 02 May 2019 17:47:58 GMT
      Etag:
      - W/"datetime'2019-05-02T17%3A47%3A59.1121701Z'"
      Location:
      - https://golangrocksonazure.table.core.windows.net/table46storageentitysuitetestexe(PartitionKey='pkey',RowKey='r4')
      Preference-Applied:
      - return-content
      Server:
      - Windows-Azure-Table/1.0 Microsoft-HTTPAPI/2.0
      X-Content-Type-Options:
      - nosniff
      X-Ms-Request-Id:
      - 6d47afc5-a002-00b6-6c0f-018a7b000000
      X-Ms-Version:
      - "2016-05-31"
    status: 201 Created
    code: 201
    duration: ""
- request:
    body: ""
    form: {}
    headers:
      Accept:
      - application/json;odata=fullmetadata
      Authorization:
      - SharedKey golangrocksonazure:/wbl8hR7cQBnUTkElwLqHLTEnTIEbbopFaECEfQU++0=
      User-Agent:
      - Go/go1.12.4 (amd64-darwin) azure-storage-go/latest api-version/2016-05-31
        table
      x-ms-date:
      - Thu, 02 May 2019 17:47:57 GMT
      x-ms-version:
      - "2016-05-31"
    url: https://golangrocksonazure.table.core.windows.net/table46storageentitysuitetestexe?%24top=2&timeout=30
    method: GET
  response:
    body: '{"odata.metadata":"https://golangrocksonazure.table.core.windows.net/$metadata#table46storageentitysuitetestexe","value":[{"odata.type":"golangrocksonazure.table46storageentitysuitetestexe","odata.id":"https://golangrocksonazure.table.core.windows.net/table46storageentitysuitetestexe(PartitionKey=''pkey'',RowKey=''r0'')","odata.etag":"W/\"datetime''2019-05-02T17%3A47%3A58.9890823Z''\"","odata.editLink":"table46storageentitysuitetestexe(PartitionKey=''pkey'',RowKey=''r0'')","PartitionKey":"pkey","RowKey":"r0","Timestamp@odata.type":"Edm.DateTime","Timestamp":"2019-05-02T17:47:58.9890823Z"},{"odata.type":"golangrocksonazure.table46storageentitysuitetestexe","odata.id":"https://golangrocksonazure.table.core.windows.net/table46storageentitysuitetestexe(PartitionKey=''pkey'',RowKey=''r1'')","odata.etag":"W/\"datetime''2019-05-02T17%3A47%3A59.021105Z''\"","odata.editLink":"table46storageentitysuitetestexe(PartitionKey=''pkey'',RowKey=''r1'')","PartitionKey":"pkey","RowKey":"r1","Timestamp@odata.type":"Edm.DateTime","Timestamp":"2019-05-02T17:47:59.021105Z"}]}'
    headers:
      Cache-Control:
      - no-cache
      Content-Type:
      - application/json;odata=fullmetadata;streaming=true;charset=utf-8
      Date:
      - Thu, 02 May 2019 17:47:58 GMT
      Server:
      - Windows-Azure-Table/1.0 Microsoft-HTTPAPI/2.0
      X-Content-Type-Options:
      - nosniff
      X-Ms-Continuation-Nextpartitionkey:
      - 1!8!cGtleQ--
      X-Ms-Continuation-Nextrowkey:
      - 1!4!cjI-
      X-Ms-Request-Id:
      - 6d47afc9-a002-00b6-700f-018a7b000000
      X-Ms-Version:
      - "2016-05-31"
    status: 200 OK
    code: 200
    duration: ""
- request:
    body: ""
    form: {}
    headers:
      Accept:
      - application/json;odata=fullmetadata
      Authorization:
      - SharedKey golangrocksonazure:/wbl8hR7cQBnUTkElwLqHLTEnTIEbbopFaECEfQU++0=
      User-Agent:
      - Go/go1.12.4 (amd64-darwin) azure-storage-go/latest api-version/2016-05-31
        table
      x-ms-date:
      - Thu, 02 May 2019 17:47:57 GMT
      x-ms-version:
      - "2016-05-31"
    url: https://golangrocksonazure.table.core.windows.net/table46storageentitysuitetestexe?%24top=2&NextPartitionKey=1%218%21cGtleQ--&NextRowKey=1%214%21cjI-&timeout=30
    method: GET
  response:
    body: '{"odata.metadata":"https://golangrocksonazure.table.core.windows.net/$metadata#table46storageentitysuitetestexe","value":[{"odata.type":"golangrocksonazure.table46storageentitysuitetestexe","odata.id":"https://golangrocksonazure.table.core.windows.net/table46storageentitysuitetestexe(PartitionKey=''pkey'',RowKey=''r2'')","odata.etag":"W/\"datetime''2019-05-02T17%3A47%3A59.0501256Z''\"","odata.editLink":"table46storageentitysuitetestexe(PartitionKey=''pkey'',RowKey=''r2'')","PartitionKey":"pkey","RowKey":"r2","Timestamp@odata.type":"Edm.DateTime","Timestamp":"2019-05-02T17:47:59.0501256Z"},{"odata.type":"golangrocksonazure.table46storageentitysuitetestexe","odata.id":"https://golangrocksonazure.table.core.windows.net/table46storageentitysuitetestexe(PartitionKey=''pkey'',RowKey=''r3'')","odata.etag":"W/\"datetime''2019-05-02T17%3A47%3A59.0821484Z''\"","odata.editLink":"table46storageentitysuitetestexe(PartitionKey=''pkey'',RowKey=''r3'')","PartitionKey":"pkey","RowKey":"r3","Timestamp@odata.type":"Edm.DateTime","Timestamp":"2019-05-02T17:47:59.0821484Z"}]}'
    headers:
      Cache-Control:
      - no-cache
      Content-Type:
      - application/json;odata=fullmetadata;streaming=true;charset=utf-8
      Date:
      - Thu, 02 May 2019 17:47:58 GMT
      Server:
      - Windows-Azure-Table/1.0 Microsoft-HTTPAPI/2.0
      X-Content-Type-Options:
      - nosniff
      X-Ms-Continuation-Nextpartitionkey:
      - 1!8!cGtleQ--
      X-Ms-Continuation-Nextrowkey:
      - 1!4!cjQ-
      X-Ms-Request-Id:
      - 6d47afcb-a002-00b6-720f-018a7b000000
      X-Ms-Version:
      - "2016-05-31"
    status: 200 OK
    code: 200
    duration: ""
- request:
    body: ""
    form: {}
    headers:
      Accept:
      - application/json;odata=fullmetadata
      Authorization:
      - SharedKey golangrocksonazure:/wbl8hR7cQBnUTkElwLqHLTEnTIEbbopFaECEfQU++0=
      User-Agent:
      - Go/go1.12.4 (amd64-darwin) azure-storage-go/latest api-version/2016-05-31
        table
      x-ms-date:
      - Thu, 02 May 2019 17:47:57 GMT
      x-ms-version:
      - "2016-05-31"
    url: https://golangrocksonazure.table.core.windows.net/table46storageentitysuitetestexe?%24top=2&NextPartitionKey=1%218%21cGtleQ--&NextRowKey=1%214%21cjQ-&timeout=30
    method: GET
  response:
    body: '{"odata.metadata":"https://golangrocksonazure.table.core.windows.net/$metadata#table46storageentitysuitetestexe","value":[{"odata.type":"golangrocksonazure.table46storageentitysuitetestexe","odata.id":"https://golangrocksonazure.table.core.windows.net/table46storageentitysuitetestexe(PartitionKey=''pkey'',RowKey=''r4'')","odata.etag":"W/\"datetime''2019-05-02T17%3A47%3A59.1121701Z''\"","odata.editLink":"table46storageentitysuitetestexe(PartitionKey=''pkey'',RowKey=''r4'')","PartitionKey":"pkey","RowKey":"r4","Timestamp@odata.type":"Edm.DateTime","Timestamp":"2019-05-02T17:47:59.1121701Z"}]}'
    headers:
      Cache-Control:
      - no-cache
      Content-Type:
      - application/json;odata=fullmetadata;streaming=true;charset=utf-8
      Date:
      - Thu, 02 May 2019 17:47:58 GMT
      Server:
      - Windows-Azure-Table/1.0 Microsoft-HTTPAPI/2.0
      X-Content-Type-Options:
      - nosniff
      X-Ms-Request-Id:
      - 6d47afd0-a002-00b6-760f-018a7b000000
      X-Ms-Version:
      - "2016-05-31"
    status: 200 OK
    code: 200
    duration: ""
- request:
    body: ""
    form: {}
    headers:
      Accept:
      - application/json;odata=nometadata
      Authorization:
      - SharedKey golangrocksonazure:npmIvhhx/VAD/uFukULcXZ5yuhqkVPIlusRMryUhYeE=
      Prefer:
      - return-no-content
      User-Agent:
      - Go/go1.12.4 (amd64-darwin) azure-storage-go/latest api-version/2016-05-31
        table
      x-ms-date:
      - Thu, 02 May 2019 17:47:57 GMT
      x-ms-version:
      - "2016-05-31"
    url: https://golangrocksonazure.table.core.windows.net/Tables%28%27table46storageentitysuitetestexe%27%29?timeout=30
    method: DELETE
  response:
    body: ""
    headers:
      Cache-Control:
      - no-cache
      Content-Length:
      - "0"
      Date:
      - Thu, 02 May 2019 17:47:58 GMT
      Server:
      - Windows-Azure-Table/1.0 Microsoft-HTTPAPI/2.0
      X-Content-Type-Options:
      - nosniff
      X-Ms-Request-Id:
      - 6d47afd5-a002-00b6-7b0f-018a7b000000
      X-Ms-Version:
      - "2016-05-31"
    status: 204 No Content
    code: 204
    duration: ""
