---
version: 1
interactions:
- request:
    body: |
      {"TableName":"table45storageentitysuitetestins"}
    form: {}
    headers:
      Accept:
      - application/json;odata=nometadata
      Accept-Charset:
      - UTF-8
      Authorization:
      - SharedKey golangrocksonazure:EvhERFOGEgsxkYICess5C0tEAQacHWsQc6zVckwUNpc=
      Content-Length:
      - "49"
      Content-Type:
      - application/json
      Prefer:
      - return-no-content
      User-Agent:
      - Go/go1.12.4 (amd64-darwin) azure-storage-go/latest api-version/2016-05-31
        table
      x-ms-date:
      - Thu, 02 May 2019 17:47:58 GMT
      x-ms-version:
      - "2016-05-31"
    url: https://golangrocksonazure.table.core.windows.net/Tables?timeout=30
    method: POST
  response:
    body: ""
    headers:
      Cache-Control:
      - no-cache
      Content-Length:
      - "0"
      Dataserviceid:
      - https://golangrocksonazure.table.core.windows.net/Tables('table45storageentitysuitetestins')
      Date:
      - Thu, 02 May 2019 17:48:00 GMT
      Location:
      - https://golangrocksonazure.table.core.windows.net/Tables('table45storageentitysuitetestins')
      Preference-Applied:
      - return-no-content
      Server:
      - Windows-Azure-Table/1.0 Microsoft-HTTPAPI/2.0
      X-Content-Type-Options:
      - nosniff
      X-Ms-Request-Id:
      - 6d47b091-a002-00b6-250f-018a7b000000
      X-Ms-Version:
      - "2016-05-31"
    status: 204 No Content
    code: 204
    duration: ""
- request:
    body: '{"FamilyName":"Skywalker","HasCoolWeapon":true,"Name":"Luke","PartitionKey":"mypartitionkey","RowKey":"100"}'
    form: {}
    headers:
      Accept:
      - application/json;odata=nometadata
      Accept-Charset:
      - UTF-8
      Authorization:
      - SharedKey golangrocksonazure:Mln821bez6we1oqfCzI6NpUxD4QPSCkDWmhiOCm/siU=
      Content-Length:
      - "108"
      Content-Type:
      - application/json
      Prefer:
      - return-no-content
      User-Agent:
      - Go/go1.12.4 (amd64-darwin) azure-storage-go/latest api-version/2016-05-31
        table
      x-ms-date:
      - Thu, 02 May 2019 17:47:58 GMT
      x-ms-version:
      - "2016-05-31"
    url: https://golangrocksonazure.table.core.windows.net/table45storageentitysuitetestins
    method: POST
  response:
    body: ""
    headers:
      Cache-Control:
      - no-cache
      Content-Length:
      - "0"
      Dataserviceid:
      - https://golangrocksonazure.table.core.windows.net/table45storageentitysuitetestins(PartitionKey='mypartitionkey',RowKey='100')
      Date:
      - Thu, 02 May 2019 17:48:00 GMT
      Etag:
      - W/"datetime'2019-05-02T17%3A48%3A00.3780677Z'"
      Location:
      - https://golangrocksonazure.table.core.windows.net/table45storageentitysuitetestins(PartitionKey='mypartitionkey',RowKey='100')
      Preference-Applied:
      - return-no-content
      Server:
      - Windows-Azure-Table/1.0 Microsoft-HTTPAPI/2.0
      X-Content-Type-Options:
      - nosniff
      X-Ms-Request-Id:
      - 6d47b09e-a002-00b6-2d0f-018a7b000000
      X-Ms-Version:
      - "2016-05-31"
    status: 204 No Content
    code: 204
    duration: ""
- request:
    body: '{"FamilyName":"Skywalker","HasCoolWeapon":true,"Name":"Luke","PartitionKey":"mypartitionkey","RowKey":"200"}'
    form: {}
    headers:
      Accept:
      - application/json;odata=nometadata
      Accept-Charset:
      - UTF-8
      Authorization:
      - SharedKey golangrocksonazure:Mln821bez6we1oqfCzI6NpUxD4QPSCkDWmhiOCm/siU=
      Content-Length:
      - "108"
      Content-Type:
      - application/json
      Prefer:
      - return-no-content
      User-Agent:
      - Go/go1.12.4 (amd64-darwin) azure-storage-go/latest api-version/2016-05-31
        table
      x-ms-date:
      - Thu, 02 May 2019 17:47:58 GMT
      x-ms-version:
      - "2016-05-31"
    url: https://golangrocksonazure.table.core.windows.net/table45storageentitysuitetestins
    method: POST
  response:
    body: ""
    headers:
      Cache-Control:
      - no-cache
      Content-Length:
      - "0"
      Dataserviceid:
      - https://golangrocksonazure.table.core.windows.net/table45storageentitysuitetestins(PartitionKey='mypartitionkey',RowKey='200')
      Date:
      - Thu, 02 May 2019 17:48:00 GMT
      Etag:
      - W/"datetime'2019-05-02T17%3A48%3A00.4110911Z'"
      Location:
      - https://golangrocksonazure.table.core.windows.net/table45storageentitysuitetestins(PartitionKey='mypartitionkey',RowKey='200')
      Preference-Applied:
      - return-no-content
      Server:
      - Windows-Azure-Table/1.0 Microsoft-HTTPAPI/2.0
      X-Content-Type-Options:
      - nosniff
      X-Ms-Request-Id:
      - 6d47b0a4-a002-00b6-330f-018a7b000000
      X-Ms-Version:
      - "2016-05-31"
    status: 204 No Content
    code: 204
    duration: ""
- request:
    body: ""
    form: {}
    headers:
      Accept:
      - application/json;odata=fullmetadata
      Authorization:
      - SharedKey golangrocksonazure:xVg7gvRHTDbq2W9eimh9vrJmZeo2kKqkMBucaVh5lLI=
      User-Agent:
      - Go/go1.12.4 (amd64-darwin) azure-storage-go/latest api-version/2016-05-31
        table
      x-ms-date:
      - Thu, 02 May 2019 17:47:58 GMT
      x-ms-version:
      - "2016-05-31"
    url: https://golangrocksonazure.table.core.windows.net/table45storageentitysuitetestins?%24filter=RowKey+eq+%27200%27&timeout=30
    method: GET
  response:
    body: '{"odata.metadata":"https://golangrocksonazure.table.core.windows.net/$metadata#table45storageentitysuitetestins","value":[{"odata.type":"golangrocksonazure.table45storageentitysuitetestins","odata.id":"https://golangrocksonazure.table.core.windows.net/table45storageentitysuitetestins(PartitionKey=''mypartitionkey'',RowKey=''200'')","odata.etag":"W/\"datetime''2019-05-02T17%3A48%3A00.4110911Z''\"","odata.editLink":"table45storageentitysuitetestins(PartitionKey=''mypartitionkey'',RowKey=''200'')","PartitionKey":"mypartitionkey","RowKey":"200","Timestamp@odata.type":"Edm.DateTime","Timestamp":"2019-05-02T17:48:00.4110911Z","FamilyName":"Skywalker","HasCoolWeapon":true,"Name":"Luke"}]}'
    headers:
      Cache-Control:
      - no-cache
      Content-Type:
      - application/json;odata=fullmetadata;streaming=true;charset=utf-8
      Date:
      - Thu, 02 May 2019 17:48:00 GMT
      Server:
      - Windows-Azure-Table/1.0 Microsoft-HTTPAPI/2.0
      X-Content-Type-Options:
      - nosniff
      X-Ms-Request-Id:
      - 6d47b0ab-a002-00b6-3a0f-018a7b000000
      X-Ms-Version:
      - "2016-05-31"
    status: 200 OK
    code: 200
    duration: ""
- request:
    body: ""
    form: {}
    headers:
      Accept:
      - application/json;odata=nometadata
      Authorization:
      - SharedKey golangrocksonazure:egV+ezjnUNA13ntpG3E84nipc9eawKpR+24vWbk4SjM=
      Prefer:
      - return-no-content
      User-Agent:
      - Go/go1.12.4 (amd64-darwin) azure-storage-go/latest api-version/2016-05-31
        table
      x-ms-date:
      - Thu, 02 May 2019 17:47:58 GMT
      x-ms-version:
      - "2016-05-31"
    url: https://golangrocksonazure.table.core.windows.net/Tables%28%27table45storageentitysuitetestins%27%29?timeout=30
    method: DELETE
  response:
    body: ""
    headers:
      Cache-Control:
      - no-cache
      Content-Length:
      - "0"
      Date:
      - Thu, 02 May 2019 17:48:00 GMT
      Server:
      - Windows-Azure-Table/1.0 Microsoft-HTTPAPI/2.0
      X-Content-Type-Options:
      - nosniff
      X-Ms-Request-Id:
      - 6d47b0b0-a002-00b6-3f0f-018a7b000000
      X-Ms-Version:
      - "2016-05-31"
    status: 204 No Content
    code: 204
    duration: ""
